[demo.templateflip.com/creative-cv/index.html]
[backblue.gif]
[fade.gif]
[index.html]
[maxcdn.bootstrapcdn.com/font-awesome/latest/css/font-awesome.min.css]
[demo.templateflip.com/creative-cv/css/aosf488.css]
[demo.templateflip.com/creative-cv/css/bootstrap.minf488.css]
[demo.templateflip.com/creative-cv/css/mainf488.css]
[demo.templateflip.com/creative-cv/images/cc-bg-1.jpg]
[demo.templateflip.com/creative-cv/images/anthony.jpg]
[demo.templateflip.com/cdn-cgi/l/email-protection.html]
[demo.templateflip.com/creative-cv/images/project-1.jpg]
[demo.templateflip.com/creative-cv/images/project-2.jpg]
[demo.templateflip.com/creative-cv/images/project-3.jpg]
[demo.templateflip.com/creative-cv/images/project-4.jpg]
[demo.templateflip.com/creative-cv/images/graphic-design-1.jpg]
[demo.templateflip.com/creative-cv/images/graphic-design-2.jpg]
[demo.templateflip.com/creative-cv/images/graphic-design-3.jpg]
[demo.templateflip.com/creative-cv/images/graphic-design-4.jpg]
[demo.templateflip.com/creative-cv/images/photography-1.jpg]
[demo.templateflip.com/creative-cv/images/photography-3.jpg]
[demo.templateflip.com/creative-cv/images/photography-2.jpg]
[demo.templateflip.com/creative-cv/images/photography-4.jpg]
[demo.templateflip.com/creative-cv/images/reference-image-1.jpg]
[demo.templateflip.com/creative-cv/images/reference-image-2.jpg]
[demo.templateflip.com/creative-cv/images/reference-image-3.jpg]
[demo.templateflip.com/creative-cv/images/staticmap.png]
[demo.templateflip.com/cdn-cgi/scripts/5c5dd728/cloudflare-static/email-decode.min.js]
[demo.templateflip.com/creative-cv/js/core/jquery.3.2.1.minf488.js]
[demo.templateflip.com/creative-cv/js/core/popper.minf488.js]
[demo.templateflip.com/creative-cv/js/core/bootstrap.minf488.js]
[demo.templateflip.com/creative-cv/js/now-ui-kitf488.js]
[demo.templateflip.com/creative-cv/js/aosf488.js]
[demo.templateflip.com/creative-cv/index.html]
[maxcdn.bootstrapcdn.com/font-awesome/latest/css/font-awesome.min.css]
[demo.templateflip.com/creative-cv/css/aosf488.css]
[demo.templateflip.com/creative-cv/css/bootstrap.minf488.css]
[demo.templateflip.com/creative-cv/scripts/mainf488.js]
[demo.templateflip.com/creative-cv/fonts/nucleo-outline.html]
[demo.templateflip.com/creative-cv/fonts/nucleo-outline-2.html]
[demo.templateflip.com/creative-cv/fonts/nucleo-outline-3.html]
[demo.templateflip.com/creative-cv/css/mainf488.css]
[demo.templateflip.com/cdn-cgi/l/email-protection.html]
[demo.templateflip.com/creative-cv/fonts/nucleo-outline.html]
[demo.templateflip.com/creative-cv/fonts/nucleo-outline-2.html]
[demo.templateflip.com/creative-cv/fonts/nucleo-outline-3.html]
[demo.templateflip.com/creative-cv/fonts/nucleo-outline-4.html]
[demo.templateflip.com/creative-cv/fonts/nucleo-outline-4.html]
